=== WHOAMI ===
ubuntu
=== HOSTNAME ===
kobold
=== DATE ===
2026-06-11T13:49:15+00:00
=== OS ===
PRETTY_NAME="Ubuntu 24.04.4 LTS"
NAME="Ubuntu"
VERSION_ID="24.04"
VERSION="24.04.4 LTS (Noble Numbat)"
=== UNAME ===
Linux kobold 6.17.0-1011-oracle #11~24.04.1-Ubuntu SMP Fri Apr 10 02:28:06 UTC 2026 x86_64 x86_64 x86_64 GNU/Linux
=== ID ===
uid=1001(ubuntu) gid=1001(ubuntu) groups=1001(ubuntu),4(adm),24(cdrom),27(sudo),30(dip),101(lxd)
=== PWD ===
/home/ubuntu
=== IP ===
lo               UNKNOWN        127.0.0.1/8 ::1/128 
ens3             UP             10.0.0.223/24 metric 100 fe80::17ff:fe04:7a97/64 
=== SS ===
State  Recv-Q Send-Q Local Address:Port Peer Address:PortProcess
LISTEN 0      4096         0.0.0.0:22        0.0.0.0:*          
LISTEN 0      4096         0.0.0.0:111       0.0.0.0:*          
LISTEN 0      4096      127.0.0.54:53        0.0.0.0:*          
LISTEN 0      4096   127.0.0.53%lo:53        0.0.0.0:*          
LISTEN 0      4096            [::]:22           [::]:*          
LISTEN 0      4096            [::]:111          [::]:*          
=== DF ===
Filesystem      Size  Used Avail Use% Mounted on
tmpfs            96M  1.1M   95M   2% /run
/dev/sda1        45G 1013M   44G   3% /
tmpfs           478M     0  478M   0% /dev/shm
tmpfs           5.0M     0  5.0M   0% /run/lock
efivarfs        256K   17K  235K   7% /sys/firmware/efi/efivars
/dev/sda16      881M   86M  733M  11% /boot
/dev/sda15      105M  6.2M   99M   6% /boot/efi
tmpfs            96M  8.0K   96M   1% /run/user/1001
=== FREE ===
               total        used        free      shared  buff/cache   available
Mem:           954Mi       319Mi       289Mi       5.0Mi       493Mi       634Mi
Swap:             0B          0B          0B
=== SSH ===
active
=== DOCKER ===
not installed
=== UFW ===
not installed
=== IPTABLES ===
/usr/sbin/iptables
